Starting >>> controller
Finished <<< controller [0.87s]

Summary: 1 package finished [1.48s]
